Current configuration:
{
  "apiUrl": "http://localhost:XXXX",
  "timeout": 750,
  "format": "table",
  "color": true,
  "projectDir": "/project/root"
}
