Usage: arbiter [options] [command]
Arbiter CLI for CUE validation and management
Options:
  -v, --version                         display version number
  -c, --config <path>                   path to configuration file
  --no-color                            disable colored output
  --api-url <url>                       API server URL
  --timeout <ms>                        request timeout in milliseconds
  -h, --help                            display help for command
Commands:
  init [options] [display-name]         initialize a new CUE project with
                                        templates in current directory
  onboard [options] [project-path]      intelligently onboard existing projects
                                        to Arbiter
  add                                   incrementally build specifications
                                        using compositional commands
  watch [options] [path]                cross-platform file watcher with live
                                        validation and planning
  surface [options] <language>          extract API surface from source code
                                        and generate project-specific surface
                                        file
  version                               semver-aware version planning and
                                        release management
  epic                                  manage epics and their ordered tasks
                                        using sharded CUE storage
  task                                  manage ordered tasks within epics
  check [options] [patterns...]         validate CUE files in the current
                                        directory
  validate [options] <files...>         validate CUE files with explicit schema
                                        and configuration
  export [options] <files...>           export CUE configurations to various
                                        formats
  template                              manage and use CUE schema templates
  templates                             manage template aliases for code
                                        generation
  create [options] <type>               create new schemas and configurations
                                        interactively
  import                                manage trusted import registry for CUE
                                        files
  diff [options] <old-file> <new-file>  compare two CUE schema versions and
                                        analyze changes
  execute [options] <epic>              execute Epic v2 for deterministic,
                                        agent-first code generation
  tests                                 test management, scaffolding, and
                                        coverage analysis
  server [options]                      start local Arbiter server
                                        (development)
  ide [options] <recommend>             generate IDE configuration for optimal
                                        CUE development
  sync [options]                        synchronize project manifests
                                        (package.json, pyproject.toml, etc.)
                                        with Arbiter
  integrate [options]                   generate CI/CD workflows with contract
                                        coverage and quality gates
  github-templates [options]            manage GitHub issue templates
                                        configuration
  docs                                  generate documentation from CUE schemas
                                        and API surfaces
  examples [options] <type>             generate example projects by profile or
                                        language type
  generate [options] [spec-name]        generate project files from stored
                                        specifications
  preview [options]                     show what would be generated without
                                        creating files (deterministic output)
  explain [options]                     generate plain-English summary of
                                        project specifications
  rename [options]                      migrate existing files to
                                        project-specific naming
  spec                                  manage spec fragments and revisions
                                        with git-style operations
  webhook                               manage repository webhooks for
                                        GitHub/GitLab integration
  config                                manage CLI configuration
  health [options]                      comprehensive Arbiter server health
                                        check
  help [command]                        display help for command
Arbiter CLI - Agent-Friendly Specification Management
Core Workflows:
  1. SPEC FRAGMENT MANAGEMENT (Git-Style):
    arbiter init my-app --schema=app     # Initialize with app-centric schema
    arbiter add service billing          # Add service specification
    arbiter add api/order                # Add API endpoint specification
    arbiter add flow checkout            # Add user flow specification
    arbiter generate                     # Generate code from specifications
  2. VALIDATION & FEEDBACK:
    arbiter check                        # Validate all specifications
    arbiter watch                        # Watch mode with live validation
  3. RELEASE MANAGEMENT:
    arbiter version                      # Plan version changes
    arbiter integrate                    # Generate CI/CD workflows
Schema Formats:
  app: Complete application modeling
Agent-Friendly Features:
  • Non-interactive commands (no prompts)
  • Structured JSON output (--format=json)
  • Exit codes: 0=success, 1=error, 2=config
  • NDJSON streaming (--ndjson-output)
Examples:
  arbiter check **/*.cue --format=json  # Validate with JSON output
  arbiter surface app.py --output=cue   # Extract API surface from code
  arbiter health                        # Check server connectivity
For detailed help: arbiter <command> --help
