{
  "errors": [],
  "hasValue": true,
  "value": {},
  "hasGraph": true,
  "graphNodeCount": 1,
  "graph": [
    {
      "id": "root",
      "label": "root",
      "type": "object",
      "children": []
    }
  ]
}